Updating installed gems
Updating bigdecimal
Fetching bigdecimal-3.1.6.gem
Building native extensions. This could take a while...
Successfully installed bigdecimal-3.1.6
Parsing documentation for bigdecimal-3.1.6
Installing ri documentation for bigdecimal-3.1.6
Done installing documentation for bigdecimal after 0 seconds
Parsing documentation for bigdecimal-3.1.6
Done installing documentation for bigdecimal after 0 seconds
Updating bundler
Fetching bundler-2.5.6.gem
Successfully installed bundler-2.5.6
Parsing documentation for bundler-2.5.6
Installing ri documentation for bundler-2.5.6
Done installing documentation for bundler after 0 seconds
Parsing documentation for bundler-2.5.6
Done installing documentation for bundler after 0 seconds
Updating colored2
Fetching colored2-4.0.0.gem
Successfully installed colored2-4.0.0
Parsing documentation for colored2-4.0.0
Installing ri documentation for colored2-4.0.0
Done installing documentation for colored2 after 0 seconds
Parsing documentation for colored2-4.0.0
Done installing documentation for colored2 after 0 seconds
Updating erb
Fetching erb-4.0.4.gem
Building native extensions. This could take a while...
Successfully installed erb-4.0.4
Parsing documentation for erb-4.0.4
Installing ri documentation for erb-4.0.4
Done installing documentation for erb after 0 seconds
Parsing documentation for erb-4.0.4
Done installing documentation for erb after 0 seconds
Updating io-console
Fetching io-console-0.7.2.gem
Building native extensions. This could take a while...
Successfully installed io-console-0.7.2
Parsing documentation for io-console-0.7.2
Installing ri documentation for io-console-0.7.2
Done installing documentation for io-console after 0 seconds
Parsing documentation for io-console-0.7.2
Done installing documentation for io-console after 0 seconds
Updating irb
Fetching irb-1.11.2.gem
Fetching reline-0.4.2.gem
Successfully installed reline-0.4.2
Successfully installed irb-1.11.2
Parsing documentation for reline-0.4.2
Installing ri documentation for reline-0.4.2
Parsing documentation for irb-1.11.2
Installing ri documentation for irb-1.11.2
Done installing documentation for reline, irb after 1 seconds
Parsing documentation for irb-1.11.2
Parsing documentation for reline-0.4.2
Done installing documentation for irb, reline after 0 seconds
Updating minitest
Fetching minitest-5.22.2.gem
Successfully installed minitest-5.22.2
Parsing documentation for minitest-5.22.2
Couldn't find file to include 'README.rdoc' from lib/minitest.rb
Installing ri documentation for minitest-5.22.2
Done installing documentation for minitest after 0 seconds
Parsing documentation for minitest-5.22.2
Couldn't find file to include 'README.rdoc' from lib/minitest.rb
Done installing documentation for minitest after 0 seconds
Updating net-ftp
Fetching net-ftp-0.3.4.gem
Successfully installed net-ftp-0.3.4
Parsing documentation for net-ftp-0.3.4
Installing ri documentation for net-ftp-0.3.4
Done installing documentation for net-ftp after 0 seconds
Parsing documentation for net-ftp-0.3.4
Done installing documentation for net-ftp after 0 seconds
Updating net-http
Fetching net-http-0.4.1.gem
Successfully installed net-http-0.4.1
Parsing documentation for net-http-0.4.1
Couldn't find file to include 'doc/net-http/examples.rdoc' from lib/net/http.rb
Couldn't find file to include 'doc/net-http/examples.rdoc' from lib/net/http/generic_request.rb
Couldn't find file to include 'doc/net-http/examples.rdoc' from lib/net/http/header.rb
Couldn't find file to include 'doc/net-http/examples.rdoc' from lib/net/http/response.rb
Couldn't find file to include 'doc/net-http/included_getters.rdoc' from lib/net/http/responses.rb
Couldn't find file to include 'doc/net-http/included_getters.rdoc' from lib/net/http/responses.rb
Couldn't find file to include 'doc/net-http/included_getters.rdoc' from lib/net/http/responses.rb
Couldn't find file to include 'doc/net-http/included_getters.rdoc' from lib/net/http/responses.rb
Couldn't find file to include 'doc/net-http/included_getters.rdoc' from lib/net/http/responses.rb
Couldn't find file to include 'doc/net-http/included_getters.rdoc' from lib/net/http/responses.rb
Couldn't find file to include 'doc/net-http/included_getters.rdoc' from lib/net/http/responses.rb
Couldn't find file to include 'doc/net-http/included_getters.rdoc' from lib/net/http/responses.rb
Couldn't find file to include 'doc/net-http/included_getters.rdoc' from lib/net/http/responses.rb
Couldn't find file to include 'doc/net-http/included_getters.rdoc' from lib/net/http/responses.rb
Couldn't find file to include 'doc/net-http/included_getters.rdoc' from lib/net/http/responses.rb
Couldn't find file to include 'doc/net-http/included_getters.rdoc' from lib/net/http/responses.rb
Couldn't find file to include 'doc/net-http/included_getters.rdoc' from lib/net/http/responses.rb
Couldn't find file to include 'doc/net-http/included_getters.rdoc' from lib/net/http/responses.rb
Couldn't find file to include 'doc/net-http/included_getters.rdoc' from lib/net/http/responses.rb
Couldn't find file to include 'doc/net-http/included_getters.rdoc' from lib/net/http/responses.rb
Couldn't find file to include 'doc/net-http/included_getters.rdoc' from lib/net/http/responses.rb
Couldn't find file to include 'doc/net-http/included_getters.rdoc' from lib/net/http/responses.rb
Couldn't find file to include 'doc/net-http/included_getters.rdoc' from lib/net/http/responses.rb
Couldn't find file to include 'doc/net-http/included_getters.rdoc' from lib/net/http/responses.rb
Couldn't find file to include 'doc/net-http/included_getters.rdoc' from lib/net/http/responses.rb
Couldn't find file to include 'doc/net-http/included_getters.rdoc' from lib/net/http/responses.rb
Couldn't find file to include 'doc/net-http/included_getters.rdoc' from lib/net/http/responses.rb
Couldn't find file to include 'doc/net-http/included_getters.rdoc' from lib/net/http/responses.rb
Couldn't find file to include 'doc/net-http/included_getters.rdoc' from lib/net/http/responses.rb
Couldn't find file to include 'doc/net-http/included_getters.rdoc' from lib/net/http/responses.rb
Couldn't find file to include 'doc/net-http/included_getters.rdoc' from lib/net/http/responses.rb
Couldn't find file to include 'doc/net-http/included_getters.rdoc' from lib/net/http/responses.rb
Couldn't find file to include 'doc/net-http/included_getters.rdoc' from lib/net/http/responses.rb
Couldn't find file to include 'doc/net-http/included_getters.rdoc' from lib/net/http/responses.rb
Couldn't find file to include 'doc/net-http/included_getters.rdoc' from lib/net/http/responses.rb
Couldn't find file to include 'doc/net-http/included_getters.rdoc' from lib/net/http/responses.rb
Couldn't find file to include 'doc/net-http/included_getters.rdoc' from lib/net/http/responses.rb
Couldn't find file to include 'doc/net-http/included_getters.rdoc' from lib/net/http/responses.rb
Couldn't find file to include 'doc/net-http/included_getters.rdoc' from lib/net/http/responses.rb
Couldn't find file to include 'doc/net-http/included_getters.rdoc' from lib/net/http/responses.rb
Couldn't find file to include 'doc/net-http/included_getters.rdoc' from lib/net/http/responses.rb
Couldn't find file to include 'doc/net-http/included_getters.rdoc' from lib/net/http/responses.rb
Couldn't find file to include 'doc/net-http/included_getters.rdoc' from lib/net/http/responses.rb
Couldn't find file to include 'doc/net-http/included_getters.rdoc' from lib/net/http/responses.rb
Couldn't find file to include 'doc/net-http/included_getters.rdoc' from lib/net/http/responses.rb
Couldn't find file to include 'doc/net-http/included_getters.rdoc' from lib/net/http/responses.rb
Couldn't find file to include 'doc/net-http/included_getters.rdoc' from lib/net/http/responses.rb
Couldn't find file to include 'doc/net-http/included_getters.rdoc' from lib/net/http/responses.rb
Couldn't find file to include 'doc/net-http/included_getters.rdoc' from lib/net/http/responses.rb
Couldn't find file to include 'doc/net-http/included_getters.rdoc' from lib/net/http/responses.rb
Couldn't find file to include 'doc/net-http/included_getters.rdoc' from lib/net/http/responses.rb
Couldn't find file to include 'doc/net-http/included_getters.rdoc' from lib/net/http/responses.rb
Couldn't find file to include 'doc/net-http/included_getters.rdoc' from lib/net/http/responses.rb
Couldn't find file to include 'doc/net-http/included_getters.rdoc' from lib/net/http/responses.rb
Couldn't find file to include 'doc/net-http/included_getters.rdoc' from lib/net/http/responses.rb
Couldn't find file to include 'doc/net-http/included_getters.rdoc' from lib/net/http/responses.rb
Couldn't find file to include 'doc/net-http/included_getters.rdoc' from lib/net/http/responses.rb
Couldn't find file to include 'doc/net-http/included_getters.rdoc' from lib/net/http/responses.rb
Couldn't find file to include 'doc/net-http/included_getters.rdoc' from lib/net/http/responses.rb
Couldn't find file to include 'doc/net-http/included_getters.rdoc' from lib/net/http/responses.rb
Couldn't find file to include 'doc/net-http/included_getters.rdoc' from lib/net/http/responses.rb
Couldn't find file to include 'doc/net-http/included_getters.rdoc' from lib/net/http/responses.rb
Couldn't find file to include 'doc/net-http/included_getters.rdoc' from lib/net/http/responses.rb
Couldn't find file to include 'doc/net-http/included_getters.rdoc' from lib/net/http/responses.rb
Installing ri documentation for net-http-0.4.1
Done installing documentation for net-http after 0 seconds
Parsing documentation for net-http-0.4.1
Couldn't find file to include 'doc/net-http/examples.rdoc' from lib/net/http.rb
Couldn't find file to include 'doc/net-http/examples.rdoc' from lib/net/http/generic_request.rb
Couldn't find file to include 'doc/net-http/examples.rdoc' from lib/net/http/header.rb
Couldn't find file to include 'doc/net-http/examples.rdoc' from lib/net/http/response.rb
Couldn't find file to include 'doc/net-http/included_getters.rdoc' from lib/net/http/responses.rb
Couldn't find file to include 'doc/net-http/included_getters.rdoc' from lib/net/http/responses.rb
Couldn't find file to include 'doc/net-http/included_getters.rdoc' from lib/net/http/responses.rb
Couldn't find file to include 'doc/net-http/included_getters.rdoc' from lib/net/http/responses.rb
Couldn't find file to include 'doc/net-http/included_getters.rdoc' from lib/net/http/responses.rb
Couldn't find file to include 'doc/net-http/included_getters.rdoc' from lib/net/http/responses.rb
Couldn't find file to include 'doc/net-http/included_getters.rdoc' from lib/net/http/responses.rb
Couldn't find file to include 'doc/net-http/included_getters.rdoc' from lib/net/http/responses.rb
Couldn't find file to include 'doc/net-http/included_getters.rdoc' from lib/net/http/responses.rb
Couldn't find file to include 'doc/net-http/included_getters.rdoc' from lib/net/http/responses.rb
Couldn't find file to include 'doc/net-http/included_getters.rdoc' from lib/net/http/responses.rb
Couldn't find file to include 'doc/net-http/included_getters.rdoc' from lib/net/http/responses.rb
Couldn't find file to include 'doc/net-http/included_getters.rdoc' from lib/net/http/responses.rb
Couldn't find file to include 'doc/net-http/included_getters.rdoc' from lib/net/http/responses.rb
Couldn't find file to include 'doc/net-http/included_getters.rdoc' from lib/net/http/responses.rb
Couldn't find file to include 'doc/net-http/included_getters.rdoc' from lib/net/http/responses.rb
Couldn't find file to include 'doc/net-http/included_getters.rdoc' from lib/net/http/responses.rb
Couldn't find file to include 'doc/net-http/included_getters.rdoc' from lib/net/http/responses.rb
Couldn't find file to include 'doc/net-http/included_getters.rdoc' from lib/net/http/responses.rb
Couldn't find file to include 'doc/net-http/included_getters.rdoc' from lib/net/http/responses.rb
Couldn't find file to include 'doc/net-http/included_getters.rdoc' from lib/net/http/responses.rb
Couldn't find file to include 'doc/net-http/included_getters.rdoc' from lib/net/http/responses.rb
Couldn't find file to include 'doc/net-http/included_getters.rdoc' from lib/net/http/responses.rb
Couldn't find file to include 'doc/net-http/included_getters.rdoc' from lib/net/http/responses.rb
Couldn't find file to include 'doc/net-http/included_getters.rdoc' from lib/net/http/responses.rb
Couldn't find file to include 'doc/net-http/included_getters.rdoc' from lib/net/http/responses.rb
Couldn't find file to include 'doc/net-http/included_getters.rdoc' from lib/net/http/responses.rb
Couldn't find file to include 'doc/net-http/included_getters.rdoc' from lib/net/http/responses.rb
Couldn't find file to include 'doc/net-http/included_getters.rdoc' from lib/net/http/responses.rb
Couldn't find file to include 'doc/net-http/included_getters.rdoc' from lib/net/http/responses.rb
Couldn't find file to include 'doc/net-http/included_getters.rdoc' from lib/net/http/responses.rb
Couldn't find file to include 'doc/net-http/included_getters.rdoc' from lib/net/http/responses.rb
Couldn't find file to include 'doc/net-http/included_getters.rdoc' from lib/net/http/responses.rb
Couldn't find file to include 'doc/net-http/included_getters.rdoc' from lib/net/http/responses.rb
Couldn't find file to include 'doc/net-http/included_getters.rdoc' from lib/net/http/responses.rb
Couldn't find file to include 'doc/net-http/included_getters.rdoc' from lib/net/http/responses.rb
Couldn't find file to include 'doc/net-http/included_getters.rdoc' from lib/net/http/responses.rb
Couldn't find file to include 'doc/net-http/included_getters.rdoc' from lib/net/http/responses.rb
Couldn't find file to include 'doc/net-http/included_getters.rdoc' from lib/net/http/responses.rb
Couldn't find file to include 'doc/net-http/included_getters.rdoc' from lib/net/http/responses.rb
Couldn't find file to include 'doc/net-http/included_getters.rdoc' from lib/net/http/responses.rb
Couldn't find file to include 'doc/net-http/included_getters.rdoc' from lib/net/http/responses.rb
Couldn't find file to include 'doc/net-http/included_getters.rdoc' from lib/net/http/responses.rb
Couldn't find file to include 'doc/net-http/included_getters.rdoc' from lib/net/http/responses.rb
Couldn't find file to include 'doc/net-http/included_getters.rdoc' from lib/net/http/responses.rb
Couldn't find file to include 'doc/net-http/included_getters.rdoc' from lib/net/http/responses.rb
Couldn't find file to include 'doc/net-http/included_getters.rdoc' from lib/net/http/responses.rb
Couldn't find file to include 'doc/net-http/included_getters.rdoc' from lib/net/http/responses.rb
Couldn't find file to include 'doc/net-http/included_getters.rdoc' from lib/net/http/responses.rb
Couldn't find file to include 'doc/net-http/included_getters.rdoc' from lib/net/http/responses.rb
Couldn't find file to include 'doc/net-http/included_getters.rdoc' from lib/net/http/responses.rb
Couldn't find file to include 'doc/net-http/included_getters.rdoc' from lib/net/http/responses.rb
Couldn't find file to include 'doc/net-http/included_getters.rdoc' from lib/net/http/responses.rb
Couldn't find file to include 'doc/net-http/included_getters.rdoc' from lib/net/http/responses.rb
Couldn't find file to include 'doc/net-http/included_getters.rdoc' from lib/net/http/responses.rb
Couldn't find file to include 'doc/net-http/included_getters.rdoc' from lib/net/http/responses.rb
Couldn't find file to include 'doc/net-http/included_getters.rdoc' from lib/net/http/responses.rb
Couldn't find file to include 'doc/net-http/included_getters.rdoc' from lib/net/http/responses.rb
Couldn't find file to include 'doc/net-http/included_getters.rdoc' from lib/net/http/responses.rb
Couldn't find file to include 'doc/net-http/included_getters.rdoc' from lib/net/http/responses.rb
Done installing documentation for net-http after 0 seconds
Updating net-imap
Fetching net-imap-0.4.10.gem
Successfully installed net-imap-0.4.10
Parsing documentation for net-imap-0.4.10
Installing ri documentation for net-imap-0.4.10
Done installing documentation for net-imap after 0 seconds
Parsing documentation for net-imap-0.4.10
Done installing documentation for net-imap after 0 seconds
Updating net-smtp
Fetching net-smtp-0.4.0.1.gem
Successfully installed net-smtp-0.4.0.1
Parsing documentation for net-smtp-0.4.0.1
Installing ri documentation for net-smtp-0.4.0.1
Done installing documentation for net-smtp after 0 seconds
Parsing documentation for net-smtp-0.4.0.1
Done installing documentation for net-smtp after 0 seconds
Updating nkf
Fetching nkf-0.2.0.gem
Building native extensions. This could take a while...
Successfully installed nkf-0.2.0
Parsing documentation for nkf-0.2.0
Installing ri documentation for nkf-0.2.0
Done installing documentation for nkf after 0 seconds
Parsing documentation for nkf-0.2.0
Done installing documentation for nkf after 0 seconds
Updating prism
Fetching prism-0.22.0.gem
Building native extensions. This could take a while...
Successfully installed prism-0.22.0
Parsing documentation for prism-0.22.0
Installing ri documentation for prism-0.22.0
Done installing documentation for prism after 1 seconds
Parsing documentation for prism-0.22.0
Done installing documentation for prism after 1 seconds
Updating rbs
Fetching rbs-3.4.3.gem
Building native extensions. This could take a while...
Successfully installed rbs-3.4.3
Parsing documentation for rbs-3.4.3
Installing ri documentation for rbs-3.4.3
Done installing documentation for rbs after 0 seconds
Parsing documentation for rbs-3.4.3
Done installing documentation for rbs after 0 seconds
Updating strscan
Fetching strscan-3.1.0.gem
Building native extensions. This could take a while...
Successfully installed strscan-3.1.0
Parsing documentation for strscan-3.1.0
Installing ri documentation for strscan-3.1.0
Done installing documentation for strscan after 0 seconds
Parsing documentation for strscan-3.1.0
Done installing documentation for strscan after 0 seconds
Updating xcodeproj
Fetching xcodeproj-1.24.0.gem
Successfully installed xcodeproj-1.24.0
Parsing documentation for xcodeproj-1.24.0
Installing ri documentation for xcodeproj-1.24.0
Done installing documentation for xcodeproj after 0 seconds
Parsing documentation for xcodeproj-1.24.0
Done installing documentation for xcodeproj after 0 seconds
Gems updated: bigdecimal bundler colored2 erb io-console irb reline minitest net-ftp net-http net-imap net-smtp nkf prism rbs strscan xcodeproj
